RECORD=-42|LINENO=   0|OWNERPARTID= -42|OWNERINDEX= -42|HEADER=Protel for Windows - Schematic Capture Binary File Version 5.0|MINORVERSION=2|UNIQUEID=SXAOXJER|WEIGHT=284|
RECORD=31|LINENO=   1|OWNERPARTID= -42|OWNERINDEX= -42|AREACOLOR=16317695|BOLD2=T|BORDERON=T|CUSTOMMARGINWIDTH=20|CUSTOMX=1500|CUSTOMXZONES=6|CUSTOMY=950|CUSTOMYZONES=4|DISPLAY_UNIT=0|FONTIDCOUNT=7|FONTNAME1=Times New Roman|FONTNAME2=Times New Roman|FONTNAME3=Arial Narrow|FONTNAME4=Arial Narrow|FONTNAME5=Times New Roman|FONTNAME6=Times New Roman|FONTNAME7=Arial Narrow|HOTSPOTGRIDON=T|HOTSPOTGRIDSIZE=4|ISBOC=T|REFERENCEZONESON=T|SHEETNUMBERSPACESIZE=12|SHOWTEMPLATEGRAPHICS=T|SIZE1=10|SIZE2=10|SIZE3=10|SIZE4=9|SIZE5=20|SIZE6=48|SIZE7=16|SNAPGRIDON=T|SNAPGRIDSIZE=10|SYSTEMFONT=1|TEMPLATEFILENAME=C:\Users\tguilhot\Documents\_SubVersion\HW_Libraries\Altium_Designer_Template\Schematic_A4_Landscape.SchDot|USEMBCS=T|VISIBLEGRIDON=T|VISIBLEGRIDSIZE=10|
RECORD=39|LINENO=   2|OWNERPARTID=   0|OWNERINDEX= -42|FILENAME=C:\Users\tguilhot\Documents\_SubVersion\HW_Libraries\Altium_Designer_Template\Schematic_A4_Landscape.SchDot|
RECORD= 4|LINENO=   3|OWNERPARTID=   0|OWNERINDEX=   2|FONTID=1|LOCATION.X=1022|TEXT==sheetnumber|
RECORD= 4|LINENO=   4|OWNERPARTID=   0|OWNERINDEX=   2|FONTID=1|LOCATION.X=1048|TEXT==sheettotal|
RECORD= 4|LINENO=   5|OWNERPARTID=   0|OWNERINDEX=   2|FONTID=2|LOCATION.X=876|LOCATION.Y=41|TEXT==Title|
RECORD= 6|LINENO=   6|OWNERPARTID=   0|OWNERINDEX=   2|LOCATIONCOUNT=2|X1=1090|X2=850|Y1=40|Y2=40|
RECORD= 6|LINENO=   7|OWNERPARTID=   0|OWNERINDEX=   2|LOCATIONCOUNT=2|X1=850|X2=1090|Y1=30|Y2=30|
RECORD= 6|LINENO=   8|OWNERPARTID=   0|OWNERINDEX=   2|LOCATIONCOUNT=2|X1=900|X2=900|Y1=10|
RECORD= 6|LINENO=   9|OWNERPARTID=   0|OWNERINDEX=   2|LOCATIONCOUNT=2|X1=990|X2=990|Y1=20|
RECORD= 6|LINENO=  10|OWNERPARTID=   0|OWNERINDEX=   2|LOCATIONCOUNT=2|X1=1090|X2=1090|Y1=50|
RECORD= 4|LINENO=  11|OWNERPARTID=   0|OWNERINDEX=   2|FONTID=1|LOCATION.X=853|LOCATION.Y=41|TEXT=Title:|
RECORD= 4|LINENO=  12|OWNERPARTID=   0|OWNERINDEX=   2|FONTID=1|LOCATION.X=853|TEXT=Size:|
RECORD= 4|LINENO=  13|OWNERPARTID=   0|OWNERINDEX=   2|FONTID=1|LOCATION.X=995|LOCATION.Y=11|TEXT=Reference:|
RECORD= 4|LINENO=  14|OWNERPARTID=   0|OWNERINDEX=   2|FONTID=1|LOCATION.X=995|TEXT=Sheet:|
RECORD= 4|LINENO=  15|OWNERPARTID=   0|OWNERINDEX=   2|FONTID=1|LOCATION.X=1035|TEXT=of|
RECORD= 4|LINENO=  16|OWNERPARTID=   0|OWNERINDEX=   2|FONTID=1|LOCATION.X=873|TEXT=A4|
RECORD= 6|LINENO=  17|OWNERPARTID=   0|OWNERINDEX=   2|LOCATIONCOUNT=2|X1=850|X2=1090|Y1=10|Y2=10|
RECORD= 4|LINENO=  18|OWNERPARTID=   0|OWNERINDEX=   2|FONTID=1|LOCATION.X=853|LOCATION.Y=11|TEXT=Revision:|
RECORD=30|LINENO=  19|OWNERPARTID=   0|OWNERINDEX=   2|CORNER.X=1148|CORNER.X_FRAC=76743|CORNER.Y=45|CORNER.Y_FRAC=6451|EMBEDIMAGE=T|KEEPASPECT=T|LOCATION.X=1091|LOCATION.Y=5|
RECORD= 4|LINENO=  20|OWNERPARTID=   0|OWNERINDEX=   2|FONTID=1|LOCATION.X=853|LOCATION.Y=31|TEXT=Project:|
RECORD= 6|LINENO=  21|OWNERPARTID=   0|OWNERINDEX=   2|LOCATIONCOUNT=2|X1=850|X2=850|Y1=50|
RECORD= 6|LINENO=  22|OWNERPARTID=   0|OWNERINDEX=   2|LOCATIONCOUNT=2|X1=1150|X2=850|Y1=50|Y2=50|
RECORD= 4|LINENO=  23|OWNERPARTID=   0|OWNERINDEX=   2|FONTID=2|LOCATION.X=884|LOCATION.Y=31|TEXT==Board_Name|
RECORD= 4|LINENO=  24|OWNERPARTID=   0|OWNERINDEX=   2|FONTID=1|LOCATION.X=1038|LOCATION.Y=11|TEXT==Board_Reference|
RECORD= 4|LINENO=  25|OWNERPARTID=   0|OWNERINDEX=   2|FONTID=1|LOCATION.X=893|LOCATION.Y=11|TEXT==Board_PCB_Revision|
RECORD= 4|LINENO=  26|OWNERPARTID=   0|OWNERINDEX=   2|FONTID=1|LOCATION.X=903|LOCATION.Y=11|TEXT==Board_Assembly_Revision|
RECORD= 4|LINENO=  27|OWNERPARTID=   0|OWNERINDEX=   2|FONTID=1|LOCATION.X=927|TEXT==Board_Document_Date|
RECORD= 6|LINENO=  28|OWNERPARTID=   0|OWNERINDEX=   2|LOCATIONCOUNT=2|X1=850|X2=1090|Y1=20|Y2=20|
RECORD= 4|LINENO=  29|OWNERPARTID=   0|OWNERINDEX=   2|FONTID=1|LOCATION.X=885|LOCATION.Y=21|TEXT==VariantName|
RECORD= 4|LINENO=  30|OWNERPARTID=   0|OWNERINDEX=   2|FONTID=1|LOCATION.X=904|TEXT=Date:|
RECORD= 4|LINENO=  31|OWNERPARTID=   0|OWNERINDEX=   2|FONTID=1|LOCATION.X=900|LOCATION.Y=11|TEXT=-|
RECORD= 4|LINENO=  32|OWNERPARTID=   0|OWNERINDEX=   2|FONTID=1|LOCATION.X=853|LOCATION.Y=21|TEXT=Variant:|
RECORD=41|LINENO=  33|OWNERPARTID=   0|OWNERINDEX= -42|FONTID=1|ISHIDDEN=T|NAME=CurrentTime|TEXT=Not used|UNIQUEID=NQISQCHM|
RECORD=41|LINENO=  34|OWNERPARTID=   0|OWNERINDEX= -42|FONTID=1|ISHIDDEN=T|NAME=CurrentDate|TEXT=Not used|UNIQUEID=HQHMLWSO|
RECORD=41|LINENO=  35|OWNERPARTID=   0|OWNERINDEX= -42|FONTID=1|ISHIDDEN=T|NAME=Time|TEXT=Not used|UNIQUEID=EOMQMHUK|
RECORD=41|LINENO=  36|OWNERPARTID=   0|OWNERINDEX= -42|FONTID=1|ISHIDDEN=T|NAME=Date|TEXT=Not used|UNIQUEID=JUFMNLFD|
RECORD=41|LINENO=  37|OWNERPARTID=   0|OWNERINDEX= -42|FONTID=1|ISHIDDEN=T|NAME=DocumentFullPathAndName|TEXT=Not used|UNIQUEID=CXWKRBQL|
RECORD=41|LINENO=  38|OWNERPARTID=   0|OWNERINDEX= -42|FONTID=1|ISHIDDEN=T|NAME=DocumentName|TEXT=Not used|UNIQUEID=GFANRJRL|
RECORD=41|LINENO=  39|OWNERPARTID=   0|OWNERINDEX= -42|FONTID=1|ISHIDDEN=T|NAME=ModifiedDate|TEXT=Not used|UNIQUEID=JPNDTNNC|
RECORD=41|LINENO=  40|OWNERPARTID=   0|OWNERINDEX= -42|FONTID=1|ISHIDDEN=T|NAME=ApprovedBy|TEXT=Not used|UNIQUEID=EYBXTBUQ|
RECORD=41|LINENO=  41|OWNERPARTID=   0|OWNERINDEX= -42|FONTID=1|ISHIDDEN=T|NAME=CheckedBy|TEXT=Not used|UNIQUEID=UJGYNUJV|
RECORD=41|LINENO=  42|OWNERPARTID=   0|OWNERINDEX= -42|FONTID=1|ISHIDDEN=T|NAME=Author|TEXT=Ph.A|UNIQUEID=NFENWIKY|
RECORD=41|LINENO=  43|OWNERPARTID=   0|OWNERINDEX= -42|FONTID=1|ISHIDDEN=T|NAME=CompanyName|TEXT=STMicroelectronics|UNIQUEID=XGYYFIJN|
RECORD=41|LINENO=  44|OWNERPARTID=   0|OWNERINDEX= -42|FONTID=1|ISHIDDEN=T|NAME=DrawnBy|TEXT=Not used|UNIQUEID=XYEVMOCA|
RECORD=41|LINENO=  45|OWNERPARTID=   0|OWNERINDEX= -42|FONTID=1|ISHIDDEN=T|NAME=Engineer|TEXT=Not used|UNIQUEID=XNLNDWTG|
RECORD=41|LINENO=  46|OWNERPARTID=   0|OWNERINDEX= -42|FONTID=1|ISHIDDEN=T|NAME=Organization|TEXT=Not used|UNIQUEID=CQEDEAMU|
RECORD=41|LINENO=  47|OWNERPARTID=   0|OWNERINDEX= -42|FONTID=1|ISHIDDEN=T|NAME=Address1|TEXT=Not used|UNIQUEID=MGILXABV|
RECORD=41|LINENO=  48|OWNERPARTID=   0|OWNERINDEX= -42|FONTID=1|ISHIDDEN=T|NAME=Address2|TEXT=Not used|UNIQUEID=RWDSQQSE|
RECORD=41|LINENO=  49|OWNERPARTID=   0|OWNERINDEX= -42|FONTID=1|ISHIDDEN=T|NAME=Address3|TEXT=Not used|UNIQUEID=VYXEFTJW|
RECORD=41|LINENO=  50|OWNERPARTID=   0|OWNERINDEX= -42|FONTID=1|ISHIDDEN=T|NAME=Address4|TEXT=Not used|UNIQUEID=LCFFTYBU|
RECORD=41|LINENO=  51|OWNERPARTID=   0|OWNERINDEX= -42|FONTID=1|ISHIDDEN=T|NAME=Title|TEXT=Project overview|UNIQUEID=RMLWSPGW|
RECORD=41|LINENO=  52|OWNERPARTID=   0|OWNERINDEX= -42|FONTID=1|ISHIDDEN=T|NAME=DocumentNumber|TEXT=Not used|UNIQUEID=AGHOKIYK|
RECORD=41|LINENO=  53|OWNERPARTID=   0|OWNERINDEX= -42|FONTID=1|ISHIDDEN=T|NAME=Revision|TEXT=Not used|UNIQUEID=YLOWFRTQ|
RECORD=41|LINENO=  54|OWNERPARTID=   0|OWNERINDEX= -42|FONTID=1|ISHIDDEN=T|NAME=SheetNumber|TEXT=1|UNIQUEID=SQJIJCYY|
RECORD=41|LINENO=  55|OWNERPARTID=   0|OWNERINDEX= -42|FONTID=1|ISHIDDEN=T|NAME=SheetTotal|TEXT=6|UNIQUEID=BAQOGAAF|
RECORD=41|LINENO=  56|OWNERPARTID=   0|OWNERINDEX= -42|FONTID=1|ISHIDDEN=T|NAME=ImagePath|TEXT=Not used|UNIQUEID=ORNRKSRF|
RECORD=41|LINENO=  57|OWNERPARTID=   0|OWNERINDEX= -42|FONTID=1|ISHIDDEN=T|NAME=ProjectName|TEXT=Not used|UNIQUEID=MCSHUORP|
RECORD=41|LINENO=  58|OWNERPARTID=   0|OWNERINDEX= -42|FONTID=1|ISHIDDEN=T|NAME=Application_BuildNumber|TEXT=Not used|UNIQUEID=HVOQWAJA|
RECORD=41|LINENO=  59|OWNERPARTID=   0|OWNERINDEX= -42|FONTID=1|ISHIDDEN=T|NAME=Rule|TEXT=*|UNIQUEID=VFWJIYVJ|
RECORD= 4|LINENO=  60|OWNERPARTID=   0|OWNERINDEX= -42|FONTID=5|LOCATION.X=40|LOCATION.Y=570|TEXT=Table of contents|
RECORD= 4|LINENO=  61|OWNERPARTID=   0|OWNERINDEX= -42|FONTID=5|LOCATION.X=620|LOCATION.Y=570|TEXT=Legend|
RECORD= 4|LINENO=  62|OWNERPARTID=   0|OWNERINDEX= -42|FONTID=1|LOCATION.X=639|LOCATION.Y=454|TEXT=Text/Logo to be added to silkscreen.|
RECORD= 4|LINENO=  63|OWNERPARTID=   0|OWNERINDEX= -42|FONTID=1|LOCATION.X=60|LOCATION.Y=540|TEXT=Sheet 1: Project overview (this page)|
RECORD= 4|LINENO=  64|OWNERPARTID=   0|OWNERINDEX= -42|FONTID=1|LOCATION.X=60|LOCATION.Y=520|TEXT=Sheet 2: STM32WB55RG microcontroller I/Os|
RECORD= 6|LINENO=  65|OWNERPARTID=   0|OWNERINDEX= -42|LINEWIDTH=1|LOCATIONCOUNT=2|X1=40|X2=520|Y1=560|Y2=560|
RECORD= 6|LINENO=  66|OWNERPARTID=   0|OWNERINDEX= -42|LINEWIDTH=1|LOCATIONCOUNT=2|X1=620|X2=1100|Y1=560|Y2=560|
RECORD= 6|LINENO=  67|OWNERPARTID=   0|OWNERINDEX= -42|LINEWIDTH=1|LOCATIONCOUNT=2|X1=40|X2=1100|Y1=680|Y2=680|
RECORD= 4|LINENO=  68|OWNERPARTID=   0|OWNERINDEX= -42|FONTID=6|LOCATION.X=40|LOCATION.Y=690|TEXT==Board_Name|
RECORD= 6|LINENO=  69|OWNERPARTID=   0|OWNERINDEX= -42|LINEWIDTH=1|LOCATIONCOUNT=2|X1=40|X2=1100|Y1=620|Y2=620|
RECORD= 4|LINENO=  70|OWNERPARTID=   0|OWNERINDEX= -42|FONTID=5|LOCATION.X=40|LOCATION.Y=630|TEXT==Board_Reference|
RECORD= 4|LINENO=  71|OWNERPARTID=   0|OWNERINDEX= -42|FONTID=1|LOCATION.X=60|LOCATION.Y=500|TEXT=Sheet 3: STM32WB55RG RF part|
RECORD= 4|LINENO=  72|OWNERPARTID=   0|OWNERINDEX= -42|FONTID=1|LOCATION.X=60|LOCATION.Y=480|TEXT=Sheet 4: Arduino/Morphos extension connectors|
RECORD= 4|LINENO=  73|OWNERPARTID=   0|OWNERINDEX= -42|FONTID=1|LOCATION.X=60|LOCATION.Y=440|TEXT=Sheet 6: ST-Link/V2-1|
RECORD= 4|LINENO=  74|OWNERPARTID=   0|OWNERINDEX= -42|FONTID=1|LOCATION.X=60|LOCATION.Y=460|TEXT=Sheet 5: Power Management|
RECORD= 6|LINENO=  75|OWNERPARTID=   0|OWNERINDEX= -42|LINEWIDTH=1|LOCATIONCOUNT=2|X1=620|X2=1100|Y1=360|Y2=360|
RECORD= 4|LINENO=  76|OWNERPARTID=   0|OWNERINDEX= -42|FONTID=5|LOCATION.X=620|LOCATION.Y=370|TEXT=Open Platform License Agreement|
RECORD= 4|LINENO=  77|OWNERPARTID=   0|OWNERINDEX= -42|%UTF8%TEXT=The Open Platform License Agreement (‚ÄúAgreement‚Äù) is a binding legal contract between you ("You")|FONTID=1|LOCATION.X=640|LOCATION.Y=340|TEXT=The Open Platform License Agreement (ìAgreementî) is a binding legal contract between you ("You")|
RECORD= 4|LINENO=  78|OWNERPARTID=   0|OWNERINDEX= -42|%UTF8%TEXT=and STMicroelectronics International N.V. (‚ÄúST‚Äù), a company incorporated under the laws of the|FONTID=1|LOCATION.X=640|LOCATION.Y=320|TEXT=and STMicroelectronics International N.V. (ìSTî), a company incorporated under the laws of the|
RECORD= 4|LINENO=  79|OWNERPARTID=   0|OWNERINDEX= -42|FONTID=1|LOCATION.X=640|LOCATION.Y=300|TEXT=Netherlands acting for the purpose of this Agreement through its Swiss branch 39, Chemin du|
RECORD= 4|LINENO=  80|OWNERPARTID=   0|OWNERINDEX= -42|FONTID=1|LOCATION.X=640|LOCATION.Y=280|TEXT=Champ des Filles, 1228 Plan-les-Ouates, Geneva, Switzerland.|
RECORD= 4|LINENO=  81|OWNERPARTID=   0|OWNERINDEX= -42|FONTID=1|LOCATION.X=640|LOCATION.Y=250|TEXT=By using the enclosed reference designs, schematics, PC board layouts, and documentation, in hardcopy|
RECORD= 4|LINENO=  82|OWNERPARTID=   0|OWNERINDEX= -42|%UTF8%TEXT=or CAD tool file format (collectively, the ‚ÄúReference Material‚Äù), You are agreeing to be bound by|FONTID=1|LOCATION.X=640|LOCATION.Y=230|TEXT=or CAD tool file format (collectively, the ìReference Materialî), You are agreeing to be bound by|
RECORD= 4|LINENO=  83|OWNERPARTID=   0|OWNERINDEX= -42|FONTID=1|LOCATION.X=640|LOCATION.Y=210|TEXT=the terms and conditions of this Agreement. Do not use the Reference Material until You have read|
RECORD= 4|LINENO=  84|OWNERPARTID=   0|OWNERINDEX= -42|FONTID=1|LOCATION.X=640|LOCATION.Y=190|TEXT=and agreed to this Agreement terms and conditions. The use of the Reference Material automatically|
RECORD= 4|LINENO=  85|OWNERPARTID=   0|OWNERINDEX= -42|FONTID=1|LOCATION.X=640|LOCATION.Y=170|TEXT=implies the acceptance of the Agreement terms and conditions.|
RECORD= 4|LINENO=  86|OWNERPARTID=   0|OWNERINDEX= -42|FONTID=1|LOCATION.X=640|LOCATION.Y=140|TEXT=The complete Open Platform License Agreement can be found on www.st.com/opla.|
RECORD= 1|LINENO=  87|OWNERPARTID=   0|OWNERINDEX= -42|AREACOLOR=11599871|CURRENTPARTID=1|DESIGNITEMID=LOGO_ST|DISPLAYMODECOUNT=1|LIBREFERENCE=LOGO_ST|LOCATION.X=710|LOCATION.Y=450|PARTCOUNT=2|PARTIDLOCKED=F|SOURCELIBRARYNAME=logo_ST.SchLib|TARGETFILENAME=*|UNIQUEID=JHORPUQK|
RECORD=41|LINENO=  88|OWNERPARTID=   0|OWNERINDEX=  87|FONTID=1|ISHIDDEN=T|LOCATION.X=679|LOCATION.Y=409|NAME=Silkscreen Only|TEXT=YES|UNIQUEID=LUFWNQMK|
RECORD= 4|LINENO=  89|OWNERPARTID=   2|OWNERINDEX=  87|FONTID=3|LOCATION.X=692|LOCATION.Y=440|TEXT=Logo_ST|
RECORD= 6|LINENO=  90|OWNERPARTID=   2|OWNERINDEX=  87|LINEWIDTH=1|LOCATIONCOUNT=5|X1=680|X2=730|X3=730|X4=680|X5=680|Y1=450|Y2=450|Y3=439|Y4=439|Y5=450|
RECORD=34|LINENO=  91|OWNERPARTID=   0|OWNERINDEX=  87|FONTID=1|ISHIDDEN=T|LOCATION.X=679|LOCATION.Y=428|NAME=Designator|TEXT=Label_1|UNIQUEID=IGAAPXNC|
RECORD=41|LINENO=  92|OWNERPARTID=   0|OWNERINDEX=  87|FONTID=1|ISHIDDEN=T|LOCATION.X=679|LOCATION.Y=419|NAME=Comment|TEXT=LOGO_ST|UNIQUEID=TVSKPLLR|
RECORD=44|LINENO=  93|OWNERPARTID= -42|OWNERINDEX=  87|
RECORD=45|LINENO=  94|OWNERPARTID= -42|OWNERINDEX=  93|DATAFILECOUNT=1|MODELDATAFILEENTITY0=LOGO_ST_Size1|MODELDATAFILEKIND0=PCBLib|MODELNAME=LOGO_ST_Size1|MODELTYPE=PCBLIB|UNIQUEID=LYGCOLQN|
RECORD=46|LINENO=  95|OWNERPARTID= -42|OWNERINDEX=  94|
RECORD=48|LINENO=  96|OWNERPARTID= -42|OWNERINDEX=  94|
RECORD=45|LINENO=  97|OWNERPARTID= -42|OWNERINDEX=  93|DATAFILECOUNT=1|MODELDATAFILEENTITY0=LOGO_ST_Size2|MODELDATAFILEKIND0=PCBLib|MODELNAME=LOGO_ST_Size2|MODELTYPE=PCBLIB|UNIQUEID=TFVTBBWC|
RECORD=46|LINENO=  98|OWNERPARTID= -42|OWNERINDEX=  97|
RECORD=48|LINENO=  99|OWNERPARTID= -42|OWNERINDEX=  97|
RECORD=45|LINENO= 100|OWNERPARTID= -42|OWNERINDEX=  93|DATAFILECOUNT=1|ISCURRENT=T|MODELDATAFILEENTITY0=LOGO_ST_Size3|MODELDATAFILEKIND0=PCBLib|MODELNAME=LOGO_ST_Size3|MODELTYPE=PCBLIB|UNIQUEID=NPSYXAXO|
RECORD=46|LINENO= 101|OWNERPARTID= -42|OWNERINDEX= 100|
RECORD=48|LINENO= 102|OWNERPARTID= -42|OWNERINDEX= 100|
RECORD=45|LINENO= 103|OWNERPARTID= -42|OWNERINDEX=  93|DATAFILECOUNT=1|MODELDATAFILEENTITY0=Logo_ST_size4|MODELDATAFILEKIND0=PCBLib|MODELNAME=Logo_ST_size4|MODELTYPE=PCBLIB|UNIQUEID=GAHIXKAE|
RECORD=46|LINENO= 104|OWNERPARTID= -42|OWNERINDEX= 103|
RECORD=48|LINENO= 105|OWNERPARTID= -42|OWNERINDEX= 103|
RECORD=45|LINENO= 106|OWNERPARTID= -42|OWNERINDEX=  93|DATAFILECOUNT=1|MODELDATAFILEENTITY0=Logo_ST_size5|MODELDATAFILEKIND0=PCBLib|MODELNAME=Logo_ST_size5|MODELTYPE=PCBLIB|UNIQUEID=JCABCQTO|
RECORD=46|LINENO= 107|OWNERPARTID= -42|OWNERINDEX= 106|
RECORD=48|LINENO= 108|OWNERPARTID= -42|OWNERINDEX= 106|
RECORD=45|LINENO= 109|OWNERPARTID= -42|OWNERINDEX=  93|DATAFILECOUNT=1|MODELDATAFILEENTITY0=ST_LOGO_10mm|MODELDATAFILEKIND0=PCBLib|MODELNAME=ST_LOGO_10mm|MODELTYPE=PCBLIB|UNIQUEID=VOULEAFC|
RECORD=46|LINENO= 110|OWNERPARTID= -42|OWNERINDEX= 109|
RECORD=48|LINENO= 111|OWNERPARTID= -42|OWNERINDEX= 109|
RECORD=45|LINENO= 112|OWNERPARTID= -42|OWNERINDEX=  93|DATAFILECOUNT=1|MODELDATAFILEENTITY0=ST_LOGO_Size1|MODELDATAFILEKIND0=PCBLib|MODELNAME=ST_LOGO_Size1|MODELTYPE=PCBLIB|UNIQUEID=FHOOGETX|
RECORD=46|LINENO= 113|OWNERPARTID= -42|OWNERINDEX= 112|
RECORD=48|LINENO= 114|OWNERPARTID= -42|OWNERINDEX= 112|
RECORD=45|LINENO= 115|OWNERPARTID= -42|OWNERINDEX=  93|DATAFILECOUNT=1|MODELDATAFILEENTITY0=ST_LOGO_Size2|MODELDATAFILEKIND0=PCBLib|MODELNAME=ST_LOGO_Size2|MODELTYPE=PCBLIB|UNIQUEID=BYKLHECF|
RECORD=46|LINENO= 116|OWNERPARTID= -42|OWNERINDEX= 115|
RECORD=48|LINENO= 117|OWNERPARTID= -42|OWNERINDEX= 115|
RECORD=45|LINENO= 118|OWNERPARTID= -42|OWNERINDEX=  93|DATAFILECOUNT=1|MODELDATAFILEENTITY0=ST_LOGO_Size3|MODELDATAFILEKIND0=PCBLib|MODELNAME=ST_LOGO_Size3|MODELTYPE=PCBLIB|UNIQUEID=YRSHQUMO|
RECORD=46|LINENO= 119|OWNERPARTID= -42|OWNERINDEX= 118|
RECORD=48|LINENO= 120|OWNERPARTID= -42|OWNERINDEX= 118|
RECORD=45|LINENO= 121|OWNERPARTID= -42|OWNERINDEX=  93|DATAFILECOUNT=1|MODELDATAFILEENTITY0=ST_Logo_size4|MODELDATAFILEKIND0=PCBLib|MODELNAME=ST_Logo_size4|MODELTYPE=PCBLIB|UNIQUEID=SQGJBAUY|
RECORD=46|LINENO= 122|OWNERPARTID= -42|OWNERINDEX= 121|
RECORD=48|LINENO= 123|OWNERPARTID= -42|OWNERINDEX= 121|
RECORD=45|LINENO= 124|OWNERPARTID= -42|OWNERINDEX=  93|DATAFILECOUNT=1|MODELDATAFILEENTITY0=ST_Logo_size5|MODELDATAFILEKIND0=PCBLib|MODELNAME=ST_Logo_size5|MODELTYPE=PCBLIB|UNIQUEID=XYHTEWVA|
RECORD=46|LINENO= 125|OWNERPARTID= -42|OWNERINDEX= 124|
RECORD=48|LINENO= 126|OWNERPARTID= -42|OWNERINDEX= 124|
RECORD= 1|LINENO= 127|OWNERPARTID=   0|OWNERINDEX= -42|AREACOLOR=11599871|CURRENTPARTID=1|DESIGNITEMID=LOGO_ROHS|DISPLAYMODECOUNT=1|LIBREFERENCE=LOGO_ROHS|LOCATION.X=860|LOCATION.Y=430|PARTCOUNT=2|PARTIDLOCKED=F|SOURCELIBRARYNAME=logo_ST.SchLib|TARGETFILENAME=*|UNIQUEID=NDKIFMBU|
RECORD=41|LINENO= 128|OWNERPARTID=   0|OWNERINDEX= 127|FONTID=1|ISHIDDEN=T|LOCATION.X=829|LOCATION.Y=389|NAME=Silkscreen Only|TEXT=YES|UNIQUEID=MOVXHYGC|
RECORD= 4|LINENO= 129|OWNERPARTID=   2|OWNERINDEX= 127|FONTID=3|LOCATION.X=835|LOCATION.Y=420|TEXT=Logo_ROHS|
RECORD= 6|LINENO= 130|OWNERPARTID=   2|OWNERINDEX= 127|LINEWIDTH=1|LOCATIONCOUNT=5|X1=830|X2=880|X3=880|X4=830|X5=830|Y1=430|Y2=430|Y3=419|Y4=419|Y5=430|
RECORD=34|LINENO= 131|OWNERPARTID=   0|OWNERINDEX= 127|FONTID=1|ISHIDDEN=T|LOCATION.X=829|LOCATION.Y=408|NAME=Designator|TEXT=Label_2|UNIQUEID=RRJDHMNU|
RECORD=41|LINENO= 132|OWNERPARTID=   0|OWNERINDEX= 127|FONTID=1|ISHIDDEN=T|LOCATION.X=829|LOCATION.Y=399|NAME=Comment|TEXT=LOGO_ROHS|UNIQUEID=DKIABFTA|
RECORD=44|LINENO= 133|OWNERPARTID= -42|OWNERINDEX= 127|
RECORD=45|LINENO= 134|OWNERPARTID= -42|OWNERINDEX= 133|DATAFILECOUNT=1|MODELDATAFILEENTITY0=LOGO E TOPOVERLAY|MODELDATAFILEKIND0=PCBLib|MODELNAME=LOGO E TOPOVERLAY|MODELTYPE=PCBLIB|UNIQUEID=KGOKKBYY|
RECORD=46|LINENO= 135|OWNERPARTID= -42|OWNERINDEX= 134|
RECORD=48|LINENO= 136|OWNERPARTID= -42|OWNERINDEX= 134|
RECORD=45|LINENO= 137|OWNERPARTID= -42|OWNERINDEX= 133|DATAFILECOUNT=1|MODELDATAFILEENTITY0=LOGO ROHS 1|MODELDATAFILEKIND0=PCBLib|MODELNAME=LOGO ROHS 1|MODELTYPE=PCBLIB|UNIQUEID=JUBGGCSA|
RECORD=46|LINENO= 138|OWNERPARTID= -42|OWNERINDEX= 137|
RECORD=48|LINENO= 139|OWNERPARTID= -42|OWNERINDEX= 137|
RECORD=45|LINENO= 140|OWNERPARTID= -42|OWNERINDEX= 133|DATAFILECOUNT=1|MODELDATAFILEENTITY0=LOGO ROHS 2|MODELDATAFILEKIND0=PCBLib|MODELNAME=LOGO ROHS 2|MODELTYPE=PCBLIB|UNIQUEID=FQOVRLIF|
RECORD=46|LINENO= 141|OWNERPARTID= -42|OWNERINDEX= 140|
RECORD=48|LINENO= 142|OWNERPARTID= -42|OWNERINDEX= 140|
RECORD=45|LINENO= 143|OWNERPARTID= -42|OWNERINDEX= 133|DATAFILECOUNT=1|MODELDATAFILEENTITY0=Logo ROHS Comp TOP|MODELDATAFILEKIND0=PCBLib|MODELNAME=Logo ROHS Comp TOP|MODELTYPE=PCBLIB|UNIQUEID=YHUUCFNP|
RECORD=46|LINENO= 144|OWNERPARTID= -42|OWNERINDEX= 143|
RECORD=48|LINENO= 145|OWNERPARTID= -42|OWNERINDEX= 143|
RECORD=45|LINENO= 146|OWNERPARTID= -42|OWNERINDEX= 133|DATAFILECOUNT=1|MODELDATAFILEENTITY0=LOGO ROHS COMP TOPOverlay|MODELDATAFILEKIND0=PCBLib|MODELNAME=LOGO ROHS COMP TOPOverlay|MODELTYPE=PCBLIB|UNIQUEID=KHTURPWH|
RECORD=46|LINENO= 147|OWNERPARTID= -42|OWNERINDEX= 146|
RECORD=48|LINENO= 148|OWNERPARTID= -42|OWNERINDEX= 146|
RECORD=45|LINENO= 149|OWNERPARTID= -42|OWNERINDEX= 133|DATAFILECOUNT=1|ISCURRENT=T|MODELDATAFILEENTITY0=SYMBOL_RoHS|MODELDATAFILEKIND0=PCBLib|MODELNAME=SYMBOL_RoHS|MODELTYPE=PCBLIB|UNIQUEID=UIGSXHTR|
RECORD=46|LINENO= 150|OWNERPARTID= -42|OWNERINDEX= 149|
RECORD=48|LINENO= 151|OWNERPARTID= -42|OWNERINDEX= 149|
RECORD=45|LINENO= 152|OWNERPARTID= -42|OWNERINDEX= 133|DATAFILECOUNT=1|MODELDATAFILEENTITY0=SYMBOL_RoHS_China|MODELDATAFILEKIND0=PCBLib|MODELNAME=SYMBOL_RoHS_China|MODELTYPE=PCBLIB|UNIQUEID=NPGFAKUC|
RECORD=46|LINENO= 153|OWNERPARTID= -42|OWNERINDEX= 152|
RECORD=48|LINENO= 154|OWNERPARTID= -42|OWNERINDEX= 152|
RECORD= 1|LINENO= 155|OWNERPARTID=   0|OWNERINDEX= -42|AREACOLOR=11599871|CURRENTPARTID=1|DESIGNITEMID=LOGO_CE|DISPLAYMODECOUNT=1|LIBREFERENCE=LOGO_CE|LOCATION.X=810|LOCATION.Y=430|PARTCOUNT=2|PARTIDLOCKED=F|SOURCELIBRARYNAME=logo_ST.SchLib|TARGETFILENAME=*|UNIQUEID=HHQDBUIQ|
RECORD=41|LINENO= 156|OWNERPARTID=   0|OWNERINDEX= 155|FONTID=1|ISHIDDEN=T|LOCATION.X=779|LOCATION.Y=389|NAME=Silkscreen Only|TEXT=YES|UNIQUEID=WHAIFPQY|
RECORD= 4|LINENO= 157|OWNERPARTID=   2|OWNERINDEX= 155|FONTID=3|LOCATION.X=790|LOCATION.Y=420|TEXT=Logo_CE|
RECORD= 6|LINENO= 158|OWNERPARTID=   2|OWNERINDEX= 155|LINEWIDTH=1|LOCATIONCOUNT=5|X1=780|X2=830|X3=830|X4=780|X5=780|Y1=430|Y2=430|Y3=419|Y4=419|Y5=430|
RECORD=34|LINENO= 159|OWNERPARTID=   0|OWNERINDEX= 155|FONTID=1|ISHIDDEN=T|LOCATION.X=779|LOCATION.Y=408|NAME=Designator|TEXT=Label_6|UNIQUEID=GNGPNBWP|
RECORD=41|LINENO= 160|OWNERPARTID=   0|OWNERINDEX= 155|FONTID=1|ISHIDDEN=T|LOCATION.X=779|LOCATION.Y=399|NAME=Comment|TEXT=LOGO_CE|UNIQUEID=GACTYKRW|
RECORD=44|LINENO= 161|OWNERPARTID= -42|OWNERINDEX= 155|
RECORD=45|LINENO= 162|OWNERPARTID= -42|OWNERINDEX= 161|DATAFILECOUNT=1|ISCURRENT=T|MODELDATAFILEENTITY0=LOGO CE|MODELDATAFILEKIND0=PCBLib|MODELNAME=LOGO CE|MODELTYPE=PCBLIB|UNIQUEID=GRIBLVNY|
RECORD=46|LINENO= 163|OWNERPARTID= -42|OWNERINDEX= 162|
RECORD=48|LINENO= 164|OWNERPARTID= -42|OWNERINDEX= 162|
RECORD= 1|LINENO= 165|OWNERPARTID=   0|OWNERINDEX= -42|AREACOLOR=11599871|CURRENTPARTID=1|DESIGNITEMID=LOGO_STM32|DISPLAYMODECOUNT=1|LIBREFERENCE=LOGO_STM32|LOCATION.X=860|LOCATION.Y=450|PARTCOUNT=2|PARTIDLOCKED=F|SOURCELIBRARYNAME=logo_ST.SchLib|TARGETFILENAME=*|UNIQUEID=ORPVWQVQ|
RECORD=41|LINENO= 166|OWNERPARTID=   0|OWNERINDEX= 165|FONTID=1|ISHIDDEN=T|LOCATION.X=829|LOCATION.Y=409|NAME=Silkscreen Only|TEXT=YES|UNIQUEID=OMFSGHEG|
RECORD= 4|LINENO= 167|OWNERPARTID=   2|OWNERINDEX= 165|FONTID=3|LOCATION.X=833|LOCATION.Y=440|TEXT=Logo_STM32|
RECORD= 6|LINENO= 168|OWNERPARTID=   2|OWNERINDEX= 165|LINEWIDTH=1|LOCATIONCOUNT=5|X1=830|X2=880|X3=880|X4=830|X5=830|Y1=450|Y2=450|Y3=439|Y4=439|Y5=450|
RECORD=34|LINENO= 169|OWNERPARTID=   0|OWNERINDEX= 165|FONTID=1|ISHIDDEN=T|LOCATION.X=829|LOCATION.Y=428|NAME=Designator|TEXT=Label_4|UNIQUEID=LEEHBWLK|
RECORD=41|LINENO= 170|OWNERPARTID=   0|OWNERINDEX= 165|FONTID=1|ISHIDDEN=T|LOCATION.X=829|LOCATION.Y=419|NAME=Comment|TEXT=LOGO_STM32|UNIQUEID=OTACDXIP|
RECORD=44|LINENO= 171|OWNERPARTID= -42|OWNERINDEX= 165|
RECORD=45|LINENO= 172|OWNERPARTID= -42|OWNERINDEX= 171|DATAFILECOUNT=1|ISCURRENT=T|MODELDATAFILEENTITY0=LOGO_STM32|MODELDATAFILEKIND0=PCBLib|MODELNAME=LOGO_STM32|MODELTYPE=PCBLIB|UNIQUEID=BJOTSVLX|
RECORD=46|LINENO= 173|OWNERPARTID= -42|OWNERINDEX= 172|
RECORD=48|LINENO= 174|OWNERPARTID= -42|OWNERINDEX= 172|
RECORD= 1|LINENO= 175|OWNERPARTID=   0|OWNERINDEX= -42|AREACOLOR=11599871|CURRENTPARTID=1|DESIGNITEMID=LOGO_Nucleo|DISPLAYMODECOUNT=1|LIBREFERENCE=LOGO_Nucleo|LOCATION.X=760|LOCATION.Y=450|PARTCOUNT=2|PARTIDLOCKED=F|SOURCELIBRARYNAME=logo_ST.SchLib|TARGETFILENAME=*|UNIQUEID=TQCRHYOU|
RECORD=41|LINENO= 176|OWNERPARTID=   0|OWNERINDEX= 175|FONTID=1|ISHIDDEN=T|LOCATION.X=729|LOCATION.Y=409|NAME=Silkscreen Only|TEXT=YES|UNIQUEID=RNNMRYNI|
RECORD= 4|LINENO= 177|OWNERPARTID=   2|OWNERINDEX= 175|FONTID=3|LOCATION.X=733|LOCATION.Y=440|TEXT=Logo_Nucleo|
RECORD= 6|LINENO= 178|OWNERPARTID=   2|OWNERINDEX= 175|LINEWIDTH=1|LOCATIONCOUNT=5|X1=730|X2=780|X3=780|X4=730|X5=730|Y1=450|Y2=450|Y3=439|Y4=439|Y5=450|
RECORD=34|LINENO= 179|OWNERPARTID=   0|OWNERINDEX= 175|FONTID=1|ISHIDDEN=T|LOCATION.X=729|LOCATION.Y=428|NAME=Designator|TEXT=Label_5|UNIQUEID=DKMKCJDN|
RECORD=41|LINENO= 180|OWNERPARTID=   0|OWNERINDEX= 175|FONTID=1|ISHIDDEN=T|LOCATION.X=729|LOCATION.Y=419|NAME=Comment|TEXT=LOGO_Nucleo|UNIQUEID=AWPKMJNM|
RECORD=44|LINENO= 181|OWNERPARTID= -42|OWNERINDEX= 175|
RECORD=45|LINENO= 182|OWNERPARTID= -42|OWNERINDEX= 181|DATAFILECOUNT=1|DESCRIPTION=LOGO_Nucleo Top Overlay|ISCURRENT=T|MODELDATAFILEENTITY0=LOGO_Nucleo|MODELDATAFILEKIND0=PCBLib|MODELNAME=LOGO_Nucleo|MODELTYPE=PCBLIB|UNIQUEID=YRBMTFPY|
RECORD=46|LINENO= 183|OWNERPARTID= -42|OWNERINDEX= 182|
RECORD=48|LINENO= 184|OWNERPARTID= -42|OWNERINDEX= 182|
RECORD=45|LINENO= 185|OWNERPARTID= -42|OWNERINDEX= 181|DATAFILECOUNT=1|MODELDATAFILEENTITY0=NUCLEO_black 0.5cm|MODELDATAFILEKIND0=PCBLib|MODELNAME=NUCLEO_black 0.5cm|MODELTYPE=PCBLIB|UNIQUEID=QHECNIUN|
RECORD=46|LINENO= 186|OWNERPARTID= -42|OWNERINDEX= 185|
RECORD=48|LINENO= 187|OWNERPARTID= -42|OWNERINDEX= 185|
RECORD=45|LINENO= 188|OWNERPARTID= -42|OWNERINDEX= 181|DATAFILECOUNT=1|MODELDATAFILEENTITY0=NUCLEO_black 2cm|MODELDATAFILEKIND0=PCBLib|MODELNAME=NUCLEO_black 2cm|MODELTYPE=PCBLIB|UNIQUEID=EBSOGCCT|
RECORD=46|LINENO= 189|OWNERPARTID= -42|OWNERINDEX= 188|
RECORD=48|LINENO= 190|OWNERPARTID= -42|OWNERINDEX= 188|
RECORD= 1|LINENO= 191|OWNERPARTID=   0|OWNERINDEX= -42|AREACOLOR=11599871|CURRENTPARTID=1|DESIGNITEMID=LOGO_ESD|DISPLAYMODECOUNT=1|LIBREFERENCE=LOGO_ESD|LOCATION.X=760|LOCATION.Y=430|PARTCOUNT=2|PARTIDLOCKED=F|SOURCELIBRARYNAME=logo_ST.SchLib|TARGETFILENAME=*|UNIQUEID=JSHQEGAS|
RECORD=41|LINENO= 192|OWNERPARTID=   0|OWNERINDEX= 191|FONTID=1|ISHIDDEN=T|LOCATION.X=729|LOCATION.Y=389|NAME=Silkscreen Only|TEXT=YES|UNIQUEID=NVNFVYQF|
RECORD= 4|LINENO= 193|OWNERPARTID=   2|OWNERINDEX= 191|FONTID=3|LOCATION.X=740|LOCATION.Y=420|TEXT=Logo_ESD|
RECORD= 6|LINENO= 194|OWNERPARTID=   2|OWNERINDEX= 191|LINEWIDTH=1|LOCATIONCOUNT=5|X1=730|X2=780|X3=780|X4=730|X5=730|Y1=430|Y2=430|Y3=419|Y4=419|Y5=430|
RECORD=34|LINENO= 195|OWNERPARTID=   0|OWNERINDEX= 191|FONTID=1|ISHIDDEN=T|LOCATION.X=729|LOCATION.Y=408|NAME=Designator|TEXT=Label_7|UNIQUEID=TQOSTYLC|
RECORD=41|LINENO= 196|OWNERPARTID=   0|OWNERINDEX= 191|FONTID=1|ISHIDDEN=T|LOCATION.X=729|LOCATION.Y=399|NAME=Comment|TEXT=LOGO_ESD|UNIQUEID=SAKWAMGW|
RECORD=44|LINENO= 197|OWNERPARTID= -42|OWNERINDEX= 191|
RECORD=45|LINENO= 198|OWNERPARTID= -42|OWNERINDEX= 197|DATAFILECOUNT=1|MODELDATAFILEENTITY0=LOGO DONTTOUCH|MODELDATAFILEKIND0=PCBLib|MODELNAME=LOGO DONTTOUCH|MODELTYPE=PCBLIB|UNIQUEID=YFWVYNCU|
RECORD=46|LINENO= 199|OWNERPARTID= -42|OWNERINDEX= 198|
RECORD=48|LINENO= 200|OWNERPARTID= -42|OWNERINDEX= 198|
RECORD=45|LINENO= 201|OWNERPARTID= -42|OWNERINDEX= 197|DATAFILECOUNT=1|ISCURRENT=T|MODELDATAFILEENTITY0=LOGO ESD|MODELDATAFILEKIND0=PCBLib|MODELNAME=LOGO ESD|MODELTYPE=PCBLIB|UNIQUEID=FKGFQLBS|
RECORD=46|LINENO= 202|OWNERPARTID= -42|OWNERINDEX= 201|
RECORD=48|LINENO= 203|OWNERPARTID= -42|OWNERINDEX= 201|
RECORD=45|LINENO= 204|OWNERPARTID= -42|OWNERINDEX= 197|DATAFILECOUNT=1|MODELDATAFILEENTITY0=SYMBOL_ESD|MODELDATAFILEKIND0=PCBLib|MODELNAME=SYMBOL_ESD|MODELTYPE=PCBLIB|UNIQUEID=AOQETTMX|
RECORD=46|LINENO= 205|OWNERPARTID= -42|OWNERINDEX= 204|
RECORD=48|LINENO= 206|OWNERPARTID= -42|OWNERINDEX= 204|
RECORD= 4|LINENO= 207|OWNERPARTID=   0|OWNERINDEX= -42|FONTID=1|LOCATION.X=642|LOCATION.Y=490|TEXT=Silkscreen : Both Sides, Color : light blue or blue|
RECORD= 4|LINENO= 208|OWNERPARTID=   0|OWNERINDEX= -42|FONTID=1|LOCATION.X=642|LOCATION.Y=500|TEXT=Solder_Mask : Both Sides, Color : white|
RECORD= 4|LINENO= 209|OWNERPARTID=   0|OWNERINDEX= -42|FONTID=1|LOCATION.X=640|LOCATION.Y=512|TEXT=Manufacturing requirements :|
RECORD= 1|LINENO= 210|OWNERPARTID=   0|OWNERINDEX= -42|AREACOLOR=11599871|CURRENTPARTID=1|DESIGNITEMID=LOGO_Nucleo|DISPLAYMODECOUNT=1|LIBREFERENCE=LOGO_Nucleo|LOCATION.X=710|LOCATION.Y=430|PARTCOUNT=2|PARTIDLOCKED=F|SOURCELIBRARYNAME=logo_ST.SchLib|TARGETFILENAME=*|UNIQUEID=HCCJTPHK|
RECORD=41|LINENO= 211|OWNERPARTID=   0|OWNERINDEX= 210|FONTID=1|ISHIDDEN=T|LOCATION.X=679|LOCATION.Y=389|NAME=Silkscreen Only|TEXT=YES|UNIQUEID=QXUUJNSH|
RECORD= 4|LINENO= 212|OWNERPARTID=   2|OWNERINDEX= 210|FONTID=3|LOCATION.X=683|LOCATION.Y=420|TEXT=Logo_Nucleo|
RECORD= 6|LINENO= 213|OWNERPARTID=   2|OWNERINDEX= 210|LINEWIDTH=1|LOCATIONCOUNT=5|X1=680|X2=730|X3=730|X4=680|X5=680|Y1=430|Y2=430|Y3=419|Y4=419|Y5=430|
RECORD=34|LINENO= 214|OWNERPARTID=   0|OWNERINDEX= 210|FONTID=1|ISHIDDEN=T|LOCATION.X=679|LOCATION.Y=408|NAME=Designator|TEXT=Label_9|UNIQUEID=DXGLSQAK|
RECORD=41|LINENO= 215|OWNERPARTID=   0|OWNERINDEX= 210|FONTID=1|ISHIDDEN=T|LOCATION.X=679|LOCATION.Y=399|NAME=Comment|TEXT=LOGO_Nucleo|UNIQUEID=VWOMKDPC|
RECORD=44|LINENO= 216|OWNERPARTID= -42|OWNERINDEX= 210|
RECORD=45|LINENO= 217|OWNERPARTID= -42|OWNERINDEX= 216|DATAFILECOUNT=1|DESCRIPTION=LOGO_Nucleo Top Overlay|ISCURRENT=T|MODELDATAFILEENTITY0=LOGO_Nucleo|MODELDATAFILEKIND0=PCBLib|MODELNAME=LOGO_Nucleo|MODELTYPE=PCBLIB|UNIQUEID=BGLISMCK|
RECORD=46|LINENO= 218|OWNERPARTID= -42|OWNERINDEX= 217|
RECORD=48|LINENO= 219|OWNERPARTID= -42|OWNERINDEX= 217|
RECORD=45|LINENO= 220|OWNERPARTID= -42|OWNERINDEX= 216|DATAFILECOUNT=1|MODELDATAFILEENTITY0=NUCLEO_black 0.5cm|MODELDATAFILEKIND0=PCBLib|MODELNAME=NUCLEO_black 0.5cm|MODELTYPE=PCBLIB|UNIQUEID=MQUHKXEV|
RECORD=46|LINENO= 221|OWNERPARTID= -42|OWNERINDEX= 220|
RECORD=48|LINENO= 222|OWNERPARTID= -42|OWNERINDEX= 220|
RECORD=45|LINENO= 223|OWNERPARTID= -42|OWNERINDEX= 216|DATAFILECOUNT=1|MODELDATAFILEENTITY0=NUCLEO_black 2cm|MODELDATAFILEKIND0=PCBLib|MODELNAME=NUCLEO_black 2cm|MODELTYPE=PCBLIB|UNIQUEID=KIWLGCVG|
RECORD=46|LINENO= 224|OWNERPARTID= -42|OWNERINDEX= 223|
RECORD=48|LINENO= 225|OWNERPARTID= -42|OWNERINDEX= 223|
RECORD= 1|LINENO= 226|OWNERPARTID=   0|OWNERINDEX= -42|AREACOLOR=11599871|CURRENTPARTID=1|DESIGNITEMID=LOGO_Nucleo_www|DISPLAYMODECOUNT=1|LIBRARYPATH=*|LIBREFERENCE=LOGO_Nucleo_www|LOCATION.X=780|LOCATION.Y=450|PARTCOUNT=2|PARTIDLOCKED=T|SOURCELIBRARYNAME=logo_ST.SchLib|TARGETFILENAME=*|UNIQUEID=IVAMTCLH|
RECORD= 4|LINENO= 227|OWNERPARTID=   2|OWNERINDEX= 226|FONTID=3|LOCATION.X=784|LOCATION.Y=440|TEXT=Nucleo_www|
RECORD= 6|LINENO= 228|OWNERPARTID=   2|OWNERINDEX= 226|LINEWIDTH=1|LOCATIONCOUNT=5|X1=780|X2=830|X3=830|X4=780|X5=780|Y1=450|Y2=450|Y3=439|Y4=439|Y5=450|
RECORD=34|LINENO= 229|OWNERPARTID=   0|OWNERINDEX= 226|FONTID=1|ISHIDDEN=T|LOCATION.X=779|LOCATION.Y=428|NAME=Designator|TEXT=Label_3|UNIQUEID=AJTQYYQJ|
RECORD=41|LINENO= 230|OWNERPARTID=   0|OWNERINDEX= 226|FONTID=1|ISHIDDEN=T|LOCATION.X=775|LOCATION.Y=435|NAME=Comment|TEXT=LOGO_Nucleo_www|UNIQUEID=WCUXQMJY|
RECORD=44|LINENO= 231|OWNERPARTID= -42|OWNERINDEX= 226|
RECORD=45|LINENO= 232|OWNERPARTID= -42|OWNERINDEX= 231|DATAFILECOUNT=1|DESCRIPTION=Web Link for STM32 Nucleo Board|ISCURRENT=T|MODELDATAFILEENTITY0=LOGO_Nucleo_www|MODELDATAFILEKIND0=PCBLib|MODELNAME=LOGO_Nucleo_www|MODELTYPE=PCBLIB|UNIQUEID=VQBHQFRW|
RECORD=46|LINENO= 233|OWNERPARTID= -42|OWNERINDEX= 232|
RECORD=48|LINENO= 234|OWNERPARTID= -42|OWNERINDEX= 232|
RECORD= 1|LINENO= 235|OWNERPARTID=   0|OWNERINDEX= -42|AREACOLOR=11599871|CURRENTPARTID=1|DESIGNITEMID=LOGO_StickerArea_W21x6|DISPLAYMODECOUNT=1|LIBREFERENCE=LOGO_StickerArea_W21x6|LOCATION.X=910|LOCATION.Y=430|PARTCOUNT=2|PARTIDLOCKED=F|SOURCELIBRARYNAME=logo_ST.SchLib|TARGETFILENAME=*|UNIQUEID=XECQIUMH|
RECORD=41|LINENO= 236|OWNERPARTID=   0|OWNERINDEX= 235|FONTID=1|ISHIDDEN=T|LOCATION.X=879|LOCATION.Y=389|NAME=Silkscreen Only|TEXT=YES|UNIQUEID=GBPXKJCX|
RECORD= 4|LINENO= 237|OWNERPARTID=   2|OWNERINDEX= 235|FONTID=3|LOCATION.X=886|LOCATION.Y=420|TEXT=Sticker Area|
RECORD= 6|LINENO= 238|OWNERPARTID=   2|OWNERINDEX= 235|LINEWIDTH=1|LOCATIONCOUNT=5|X1=880|X2=930|X3=930|X4=880|X5=880|Y1=430|Y2=430|Y3=419|Y4=419|Y5=430|
RECORD=34|LINENO= 239|OWNERPARTID=   0|OWNERINDEX= 235|FONTID=1|ISHIDDEN=T|LOCATION.X=879|LOCATION.Y=408|NAME=Designator|TEXT=Label_8|UNIQUEID=UXGQTKQH|
RECORD=41|LINENO= 240|OWNERPARTID=   0|OWNERINDEX= 235|FONTID=1|ISHIDDEN=T|LOCATION.X=879|LOCATION.Y=399|NAME=Comment|TEXT=LOGO_StickerArea_W21x6|UNIQUEID=NSFPCAVW|
RECORD=44|LINENO= 241|OWNERPARTID= -42|OWNERINDEX= 235|
RECORD=45|LINENO= 242|OWNERPARTID= -42|OWNERINDEX= 241|DATAFILECOUNT=1|DESCRIPTION=Sticker Area reservation 22x6 mm Border only|ISCURRENT=T|MODELDATAFILEENTITY0=LOGO_StickerArea_Border|MODELDATAFILEKIND0=PCBLib|MODELNAME=LOGO_StickerArea_Border|MODELTYPE=PCBLIB|UNIQUEID=SBFRUUSQ|
RECORD=46|LINENO= 243|OWNERPARTID= -42|OWNERINDEX= 242|
RECORD=48|LINENO= 244|OWNERPARTID= -42|OWNERINDEX= 242|
RECORD=45|LINENO= 245|OWNERPARTID= -42|OWNERINDEX= 241|DATAFILECOUNT=1|DESCRIPTION=Sticker Area reservation 22x6 mm Fill Area|MODELDATAFILEENTITY0=LOGO_StickerArea_Fill|MODELDATAFILEKIND0=PCBLib|MODELNAME=LOGO_StickerArea_Fill|MODELTYPE=PCBLIB|UNIQUEID=EPVMDFEX|
RECORD=46|LINENO= 246|OWNERPARTID= -42|OWNERINDEX= 245|
RECORD=48|LINENO= 247|OWNERPARTID= -42|OWNERINDEX= 245|
RECORD= 4|LINENO= 248|OWNERPARTID=   0|OWNERINDEX= -42|FONTID=1|LOCATION.X=649|LOCATION.Y=442|TEXT=Top|
RECORD= 4|LINENO= 249|OWNERPARTID=   0|OWNERINDEX= -42|FONTID=1|LOCATION.X=650|LOCATION.Y=420|TEXT=Bottom|
RECORD= 4|LINENO= 250|OWNERPARTID=   0|OWNERINDEX= -42|FONTID=1|LOCATION.X=642|LOCATION.Y=480|TEXT=PCB : 4 Layers (see Stack-up Description On Mechanical page)|
RECORD= 4|LINENO= 251|OWNERPARTID=   0|OWNERINDEX= -42|FONTID=1|LOCATION.X=640|LOCATION.Y=540|TEXT=This Board is a NUCLEO68. It is dedicated of STM32WB55RG evaluation.|
RECORD= 4|LINENO= 252|OWNERPARTID=   0|OWNERINDEX= -42|FONTID=1|LOCATION.X=640|LOCATION.Y=530|TEXT=The package embedded  is : VFQFPN68_8mmx8mmx0.1mm.|
RECORD=30|LINENO= 253|OWNERPARTID=   0|OWNERINDEX= -42|CORNER.X=595|CORNER.X_FRAC=18032|CORNER.Y=540|FILENAME=C:\Data\__Dory\__Boards\__MB1355  Nucle_Dory (QFN68)\_MB1355C-02\MB1355C Top view without Shield.JPG|KEEPASPECT=T|LOCATION.X=250|LOCATION.Y=220|
RECORD= 1|LINENO= 254|OWNERPARTID=   0|OWNERINDEX= -42|AREACOLOR=11599871|COMPONENTDESCRIPTION=Sticker for FCC_ID 16x5mm|CURRENTPARTID=1|DESIGNITEMID=LOGO_Sticker_FCC_ID|DISPLAYMODECOUNT=1|LIBREFERENCE=LOGO_Sticker_FCC_ID|LOCATION.X=910|LOCATION.Y=450|PARTCOUNT=2|PARTIDLOCKED=F|SOURCELIBRARYNAME=logo_ST.SchLib|TARGETFILENAME=*|UNIQUEID=KNJGHLRW|
RECORD= 4|LINENO= 255|OWNERPARTID=   2|OWNERINDEX= 254|FONTID=4|LOCATION.X=883|LOCATION.Y=440|TEXT=Sticker FCC_ID|
RECORD= 6|LINENO= 256|OWNERPARTID=   2|OWNERINDEX= 254|LINEWIDTH=1|LOCATIONCOUNT=5|X1=880|X2=930|X3=930|X4=880|X5=880|Y1=450|Y2=450|Y3=439|Y4=439|Y5=450|
RECORD=34|LINENO= 257|OWNERPARTID=   0|OWNERINDEX= 254|FONTID=1|ISHIDDEN=T|LOCATION.X=879|LOCATION.Y=428|NAME=Designator|TEXT=STICKER_1|UNIQUEID=WGIFPMMJ|
RECORD=41|LINENO= 258|OWNERPARTID=   0|OWNERINDEX= 254|FONTID=1|ISHIDDEN=T|LOCATION.X=879|LOCATION.Y=419|NAME=Comment|TEXT=FCC_ID_Sticker_16x5|UNIQUEID=LVSFUPMK|
RECORD=44|LINENO= 259|OWNERPARTID= -42|OWNERINDEX= 254|
RECORD=45|LINENO= 260|OWNERPARTID= -42|OWNERINDEX= 259|DATAFILECOUNT=1|DESCRIPTION=Sticker_FCC_ID 16x5mm White|ISCURRENT=T|MODELDATAFILEENTITY0=Sticker_FCC_ID 16x5mm|MODELDATAFILEKIND0=PCBLib|MODELNAME=Sticker_FCC_ID 16x5mm|MODELTYPE=PCBLIB|UNIQUEID=RQNNCYTG|
RECORD=46|LINENO= 261|OWNERPARTID= -42|OWNERINDEX= 260|
RECORD=48|LINENO= 262|OWNERPARTID= -42|OWNERINDEX= 260|
RECORD= 1|LINENO= 263|OWNERPARTID=   0|OWNERINDEX= -42|AREACOLOR=11599871|COMPONENTDESCRIPTION=Sticker for CPN_FG 16x5mm|CURRENTPARTID=1|DESIGNITEMID=LOGO_Sticker_CPN_FG|DISPLAYMODECOUNT=1|LIBREFERENCE=LOGO_Sticker_CPN_FG|LOCATION.X=1010|LOCATION.Y=430|PARTCOUNT=2|PARTIDLOCKED=F|SOURCELIBRARYNAME=logo_ST.SchLib|TARGETFILENAME=*|UNIQUEID=YWQQBDSS|
RECORD= 4|LINENO= 264|OWNERPARTID=   2|OWNERINDEX= 263|FONTID=4|LOCATION.X=981|LOCATION.Y=420|TEXT=Sticker CPN_FG|
RECORD= 6|LINENO= 265|OWNERPARTID=   2|OWNERINDEX= 263|LINEWIDTH=1|LOCATIONCOUNT=5|X1=980|X2=1030|X3=1030|X4=980|X5=980|Y1=430|Y2=430|Y3=419|Y4=419|Y5=430|
RECORD=34|LINENO= 266|OWNERPARTID=   0|OWNERINDEX= 263|FONTID=1|ISHIDDEN=T|LOCATION.X=979|LOCATION.Y=408|NAME=Designator|TEXT=STICKER_3|UNIQUEID=RXYCDFKB|
RECORD=41|LINENO= 267|OWNERPARTID=   0|OWNERINDEX= 263|FONTID=1|ISHIDDEN=T|LOCATION.X=979|LOCATION.Y=399|NAME=Comment|TEXT=Sticker_CPN_FG 16x5|UNIQUEID=SNKTHUHY|
RECORD=44|LINENO= 268|OWNERPARTID= -42|OWNERINDEX= 263|
RECORD=45|LINENO= 269|OWNERPARTID= -42|OWNERINDEX= 268|DATAFILECOUNT=1|DESCRIPTION=Sticker_CPN_FG 16x6mm White|ISCURRENT=T|MODELDATAFILEENTITY0=Sticker_CPN_FG 16x5mm|MODELDATAFILEKIND0=PCBLib|MODELNAME=Sticker_CPN_FG 16x5mm|MODELTYPE=PCBLIB|UNIQUEID=SLNTIVMC|
RECORD=46|LINENO= 270|OWNERPARTID= -42|OWNERINDEX= 269|
RECORD=48|LINENO= 271|OWNERPARTID= -42|OWNERINDEX= 269|
RECORD= 1|LINENO= 272|OWNERPARTID=   0|OWNERINDEX= -42|AREACOLOR=11599871|COMPONENTDESCRIPTION=Sticker_BrdRef 21x5mm|CURRENTPARTID=1|DESIGNITEMID=LOGO_Sticker_BrdRef|DISPLAYMODECOUNT=1|LIBREFERENCE=LOGO_Sticker_BrdRef|LOCATION.X=960|LOCATION.Y=430|PARTCOUNT=2|PARTIDLOCKED=F|SOURCELIBRARYNAME=logo_ST.SchLib|TARGETFILENAME=*|UNIQUEID=DXSNIJYG|
RECORD= 4|LINENO= 273|OWNERPARTID=   2|OWNERINDEX= 272|FONTID=3|LOCATION.X=932|LOCATION.Y=420|TEXT=Sticker BrdRef|
RECORD= 6|LINENO= 274|OWNERPARTID=   2|OWNERINDEX= 272|LINEWIDTH=1|LOCATIONCOUNT=5|X1=930|X2=980|X3=980|X4=930|X5=930|Y1=430|Y2=430|Y3=419|Y4=419|Y5=430|
RECORD=34|LINENO= 275|OWNERPARTID=   0|OWNERINDEX= 272|FONTID=1|ISHIDDEN=T|LOCATION.X=929|LOCATION.Y=408|NAME=Designator|TEXT=STICKER_2|UNIQUEID=VGFRLKJI|
RECORD=41|LINENO= 276|OWNERPARTID=   0|OWNERINDEX= 272|FONTID=1|ISHIDDEN=T|LOCATION.X=929|LOCATION.Y=399|NAME=Comment|TEXT=Sticker_BrdRef_21x5|UNIQUEID=HSIQEAPN|
RECORD=44|LINENO= 277|OWNERPARTID= -42|OWNERINDEX= 272|
RECORD=45|LINENO= 278|OWNERPARTID= -42|OWNERINDEX= 277|DATAFILECOUNT=1|DESCRIPTION=Sticker_BrdRef_21x5mm White|ISCURRENT=T|MODELDATAFILEENTITY0=Sticker_BrdRef_21x5mm|MODELDATAFILEKIND0=PCBLib|MODELNAME=Sticker_BrdRef_21x5mm|MODELTYPE=PCBLIB|UNIQUEID=QKGBSHUX|
RECORD=46|LINENO= 279|OWNERPARTID= -42|OWNERINDEX= 278|
RECORD=48|LINENO= 280|OWNERPARTID= -42|OWNERINDEX= 278|
RECORD=30|LINENO= 281|OWNERPARTID=   0|OWNERINDEX= -42|CORNER.X=271|CORNER.X_FRAC=47400|CORNER.Y=197|CORNER.Y_FRAC=8860|FILENAME=C:\Data\__Dory\__Boards\__MB1355  Nucle_Dory (QFN68)\_MB1355C-02\MB1355C Top view with Shield.JPG|KEEPASPECT=T|LOCATION.X=100|LOCATION.Y=40|
RECORD=30|LINENO= 282|OWNERPARTID=   0|OWNERINDEX= -42|CORNER.X=567|CORNER.X_FRAC=74493|CORNER.Y=194|CORNER.Y_FRAC=92976|FILENAME=C:\Data\__Dory\__Boards\__MB1355  Nucle_Dory (QFN68)\_MB1355C-02\Bottom View.JPG|KEEPASPECT=T|LOCATION.X=400|LOCATION.Y=40|
RECORD= 4|LINENO= 283|OWNERPARTID=   0|OWNERINDEX= -42|FONTID=7|LOCATION.X=270|LOCATION.Y=40|TEXT=Top view|
RECORD= 4|LINENO= 284|OWNERPARTID=   0|OWNERINDEX= -42|FONTID=7|LOCATION.X=570|LOCATION.Y=40|TEXT=Bottom view|
